丛林山径,0,jh 13,home,山猪|虚通[黄布袈裟]
松树林,1,e,w
青云坪,2,s;s;w;w,jh13;e
金刚伏魔圈,3,w,e,渡风[长鞭]|渡雨[长鞭]|渡云
少林寺山门,1,n,s,僧人|虚明[长剑/黄布袈裟]
土路,5,w,e,田鼠|道品禅师[戒刀/灰布镶边袈裟]
小院,6,w,e,小孩|道觉禅师[灰布镶边袈裟]
小木屋,7,n,s,乔三槐
卧室,8,shaolin012_op1,s,道果禅师[长剑/灰布镶边袈裟]
甬道,5,n,s,扫地和尚|慧色尊者[青布镶边袈裟]|慧如尊者[长剑/青布镶边袈裟]
西碑林,10,w,e,挑水僧|道成禅师[灰布镶边袈裟]
东碑林,10,e,w,洒水僧
天王殿,10,n,s,小北|玄痛大师[护法袈裟]
广场,13,n,s,进香客|慧空尊者[禅杖/青布镶边袈裟]|慧名尊者[青布镶边袈裟]
鼓楼,14,w,e,狱卒[单刀]|道尘禅师[灰布镶边袈裟]
钟楼,14,e,w,扫地僧|行者
大雄宝殿,14,n,s,小南|道象禅师[灰布镶边袈裟]
月台,17,n,s,巡寺僧人|行者[钢刀/青布僧衣]|托钵僧[青布僧衣]
西禅房,18,w,e,盈盈
东禅房,18,e,w,打坐僧人
藏经阁,18,n,s,黑衣大汉[单刀]|清缘比丘[白布黑边袈裟]|清晓比丘[白布黑边袈裟]
方丈院,21,n,s,小沙弥|清为比丘[白布黑边袈裟]|清闻比丘[白布黑边袈裟]|清无比丘[戒刀/白布黑边袈裟]
西厢房,22,w,e,慧洁尊者[戒刀/青布镶边袈裟]|慧合尊者[长剑/青布镶边袈裟]|玄苦大师[长剑/护法袈裟]
东厢房,22,e,w,玄悲大师[长剑/护法袈裟]
方丈室,22,n,s,清乐比丘[白布黑边袈裟]|清善比丘[白布黑边袈裟]|玄慈大师[搏蛟拳套/护法袈裟]
茶室,25,shaolin25_op1,w,叶十二娘
立雪亭,25,n,s,白眉老僧|清法比丘[白布黑边袈裟]|清观比丘[白布黑边袈裟]
般若堂一层,27,w,e,澄心[金边黑布袈裟]
般若堂二层,28,s,n,澄意[金边黑布袈裟]
般若堂三层,29,s,n,澄思[金边黑布袈裟]
般若堂四层,30,s,n,澄识[金边黑布袈裟]
般若堂五层,31,s,n,澄志[金边黑布袈裟]
般若堂六层,32,s,n,澄信[戒刀/金边黑布袈裟]
般若堂七层,33,s,n,澄灵[齐眉棍/金边黑布袈裟]
般若堂八层,34,s,n,澄欲[禅杖/金边黑布袈裟]
般若堂九层,35,s,n,澄尚[断水剑/金边黑布袈裟]
罗汉堂一层,27,e,w,澄观[宝玉鞋/金边黑布袈裟]
罗汉堂二层,37,s,n,澄知[金边黑布袈裟]
罗汉堂三层,38,s,n,澄明[金边黑布袈裟]
罗汉堂四层,39,s,n,澄净[金边黑布袈裟]
罗汉堂五层,40,s,n,澄坚[金边黑布袈裟]
罗汉堂六层,41,s,n,澄坚[金边黑布袈裟]
罗汉堂七层,42,s,n,澄寂[齐眉棍/金边黑布袈裟]
罗汉堂八层,43,s,n,澄灭[禅杖/金边黑布袈裟]
罗汉堂九层,44,s,n,澄和[长剑/金边黑布袈裟]
院落,27,n,s,青松|慧虚尊者[齐眉棍/青布镶边袈裟]|慧真尊者[青布镶边袈裟]
地藏殿,46,w,e,道一禅师[灰布镶边袈裟]|道正禅师[灰布镶边袈裟]|玄难大师[禅杖/护法袈裟]
白衣殿,46,e,w,冷幽兰
千佛殿,46,n,s,慧轮|慧修尊者[禅杖/青布镶边袈裟]
树林,49,w,e,砍柴僧|道相禅师[长剑/灰布镶边袈裟]
达摩洞,50,n,s
火龙洞,51,get_silver,s,达摩老祖[禅杖/金刚罩]
