丛林山径,0,jh 13,home,山猪|虚通
松树林,1,e,w
青云坪,2,s;s;w;w,jh13;e
金刚伏魔圈,3,w,e,渡风|渡雨|渡云
少林寺山门,1,n,s,僧人|虚明
土路,5,w,e,田鼠|道品禅师
小院,6,w,e,小孩|道觉禅师
小木屋,7,n,s,乔三槐
卧室,8,shaolin012_op1,s,道果禅师
甬道,5,n,s,扫地和尚|慧色尊者|慧如尊者
西碑林,10,w,e,挑水僧|道成禅师
东碑林,10,e,w,洒水僧
天王殿,10,n,s,小北|玄痛大师
广场,13,n,s,进香客|慧空尊者|慧名尊者
鼓楼,14,w,e,狱卒|道尘禅师
钟楼,14,e,w,扫地僧|行者
大雄宝殿,14,n,s,小南|道象禅师
月台,17,n,s,巡寺僧人|行者|托钵僧
西禅房,18,w,e,盈盈
东禅房,18,e,w,打坐僧人
藏经阁,18,n,s,黑衣大汉|清缘比丘|清晓比丘
方丈院,21,n,s,小沙弥|清为比丘|清闻比丘|清无比丘
西厢房,22,w,e,慧洁尊者|慧合尊者|玄苦大师
东厢房,22,e,w,玄悲大师
方丈室,22,n,s,清乐比丘|清善比丘|玄慈大师
茶室,25,shaolin25_op1,w,叶十二娘
立雪亭,25,n,s,白眉老僧|清法比丘|清观比丘
般若堂一层,27,w,e,澄心
般若堂二层,28,s,n,澄意
般若堂三层,29,s,n,澄思
般若堂四层,30,s,n,澄识
般若堂五层,31,s,n,澄志
般若堂六层,32,s,n,澄信
般若堂七层,33,s,n,澄灵
般若堂八层,34,s,n,澄欲
般若堂九层,35,s,n,澄尚
罗汉堂一层,27,e,w,澄观
罗汉堂二层,37,s,n,澄知
罗汉堂三层,38,s,n,澄明
罗汉堂四层,39,s,n,澄净
罗汉堂五层,40,s,n,澄坚
罗汉堂六层,41,s,n,澄坚
罗汉堂七层,42,s,n,澄寂
罗汉堂八层,43,s,n,澄灭
罗汉堂九层,44,s,n,澄和
院落,27,n,s,青松|慧虚尊者|慧真尊者
地藏殿,46,w,e,道一禅师|道正禅师|玄难大师
白衣殿,46,e,w,冷幽兰
千佛殿,46,n,s,慧轮|慧修尊者
树林,49,w,e,砍柴僧|道相禅师
达摩洞,50,n,s
火龙洞,51,get_silver,s,达摩老祖
