终南山路,0,jh 19,home
终南山路,1,s,n
碎石阶,2,s,n
终南石阶,3,s,n
终南石阶,4,sw,ne
终南石阶,5,s,n,终南山游客[布衣]
终南石阶,6,e,w,终南山游客[布衣]
终南石阶,7,n,s,终南山游客[布衣]
终南石阶,8,nw,se,男童[布衣]
终南石阶,9,n,s,全真女弟子
终南石阶,10,n,s,全真女弟子
全真教大门,11,n,s,迎客道长[长剑]
万物堂,12,n,s,程遥伽[钢剑/白色道袍]
事为室,13,w,e,小道童
武场,13,e,w
天心殿,13,n,s,练功弟子|尹志平[全真道袍]
马厩,16,w;w;w;s,n;e;e;e,健马|李四
大堂三进,17,n;w;s,n;e;s,小道童
偏房,16,e;n,s;w
访真桥,16,e;e;n,s;w;w
柴房,20,n,s,柴火道士[布衣]
后堂三进,20,s;e,w;n,孙不二[钢剑/全真道袍]
静修室,16,n,s,马钰[钢剑/全真道袍]
小花园,23,n,s,丘处机[钢剑/全真道袍]
乃容殿,24,w,e
偏殿,25,w,e
天尊殿,26,s,n,重阳祖师[长剑/全真道袍]
休息室,27,s,n
狭长廊桥,26,w,e
后堂一进,29,s,n,小道童
存道塔,30,s,n,小道童
狭长廊桥,29,w,e
狭长廊桥,32,n,s
狭长廊桥,33,n,s
大禅房,34,n,s,郝大通[全真道袍]
禅房,35,n,s
大堂二进,36,e,w
练功房,37,n,s
药剂室,37,s,n,老顽童
狭长廊桥,39,s,n
会真堂,40,e,w,观想兽
元始殿,41,n,s,赵师兄[长剑/全真道袍]
侧堂,42,n,s,全真女弟子
狭长廊桥,24,n,s
藏经殿,44,w,e,小道童,道德经
勤习堂,44,e,w,老道长
授经楼,46,s,n,小道童,道德经
大云房,46,e,w
狭长廊桥,48,n,s
观景楼,49,n,s
过真殿,50,n,s,刘处玄[钢剑/全真道袍]
容物堂,51,w,e,谭处端[钢剑/全真道袍]
遇真宫,52,n,s
通天殿,51,n,s
厨房,51,e,w
后堂二进,55,s,n
大堂一进,55,n,s,小麻雀
小花园,44,n,s,王处一[全真道袍]
小花园,58,e,w,鹿道清[全真道袍]
老君殿,59,n,s
小花园,58,n,s
静修室,61,n,s
狭长廊桥,62,n,s
狭长廊桥,63,n,s
肥料房,64,n,s,老人[大剪刀]
清净居,65,w,e
清池,66,w,e
青草坡,65,e,w
小溪流,68,e,w
后花园,69,e,w
树林,66,n,s,蜜蜂
树林,71,n,s,蜜蜂
