龙门石窟,0,jh 2,home
南郊小路,1,n,s,农夫
南门,2,n,s,守城士兵[单刀]
南市,3,e,w,客商[单刀/皮帽]
洛水渡口,4,s,n
船坞,5,luoyang317_op1,n,蓑衣男子
南大街,3,n,s,乞丐[木棍]
洛神庙,7,w,e,庙祝
地道,8,putuan,n,老乞丐[木棍]
金刀门,7,e,w,金刀门弟子
练武场,10,s,n,王霸天[鬼头刀/皮帽]|金刀门弟子[单刀/皮帽]
洛川街,7,n,s,地痞
铜驼巷,12,w,e,何九叔[单刀]
桃花别院,13,s,n,红娘[绣鞋/布衣]
绣楼,14,w,e,柳小花[长剑]
背阴巷口,13,event_1_98995501,s,地痞
石街,16,n,s,地痞|无赖
破烂小院,17,w,e,无赖
石街,17,n,s,地痞|无赖
酒肆,19,e,w,甄大海[单刀]
集市,12,e,w,小贩|地痞
猪肉摊,21,s,n,郑屠夫
中心鼓楼,12,n,s,乞丐[木棍]|地痞
问鼎街,23,w,e,地痞
客栈大门,24,n,s
大院,25,n,s
马厩,26,w,e,马倌
牡丹园,24,s,n,守园老人[铁棍]
牡丹亭,28,luoyang111_op1,e,赛牡丹
赌坊大门,24,w,e,黑衣打手[单刀]
赌坊大厅,30,n,s,小偷
赌坊后门,31,w,e,黑衣打手[单刀]
暗道,32,get_silver,s,张逍林[兽皮鞋]
楼梯,31,n,s,黑衣打手[单刀]
二楼走廊,34,n,s,黑衣打手[单刀]
雅舍,35,e,w,玉娘[长剑/银戒]
密室,36,get_silver,n
金谷街,23,e,w,地痞|乞丐[木棍]
富人庄院,38,n,s,富家公子|地痞
储藏室,39,op1,s,洪帮主
石拱桥,38,e,w
水榭,41,n,s,游客
回廊,42,n,s
观景台,43,w,e,护卫[单刀/丝绸衣]
林间小路,43,e,w
草屋,45,n,s,绿袍老者[单刀]
林间石阶,43,n,s,山贼[单刀]
听伊亭,47,w,e,白面书生[钢剑]
登山小径,47,n,s,守墓人[单刀]
松风亭,49,e,w,山贼[单刀]|凌云|凌中天
白公墓,49,n,s,黑衣文士|盗墓贼[单刀/兽皮鞋]
墓道,51,get_silver,w,黑衣女子[单刀]
草坪,51,w,e
中州街,23,n,s,乞丐[木棍]
当铺,54,w,e,陈扒皮
青石街,54,e,w,鲁长老
酒肆,56,n,s
北大街,54,n,s,卖花姑娘|乞丐[木棍]
钱庄,58,e,w,刘守财[单刀]
北门,58,n,s,守城士兵[单刀]|守城武将[单刀]
城楼,60,w,e,守城士兵[单刀]|守城武将[单刀]
城楼密室,61,luoyang14_op1,n,李元帅[单刀/银手镯/搏斗基础]
城墙,60,e,w,守城士兵[单刀]
北郊小路,60,n,s,疯狗
绿竹林,64,e,w,青竹蛇
绿竹雅舍,65,n,s,布衣老翁
清响斋,66,n,s,萧问天
