岱宗坊,0,jh 24,home,挑夫
石阶,1,n,s,黄衣刀客
一天门,2,n,s,瘦僧人
天梯,3,n,s,柳安庭
石板路,4,n,s,石云天
红门宫,5,w,e,程不为
弥勒院,5,e,w,朱莹莹
白骡冢,7,s,n,欧阳留云
小洞天,7,e,w,温青青
飞云阁,5,n,s;n,吕进
万仙楼,10,n,s,司马玄
山崖,11,w,e,鲁刚
三义柏,11,e,w,桑不羁
斗母宫,11,n,s,于霸天
山谷小溪,14,e,w,神秘游客
二天门,14,n,s,挑夫
翠竹林,16,w,e,海棠杀手
沿山小径,17,n,s,海棠杀手
石亭,18,n,s,路独雪
大石坪,19,n,s,铁云
石阶,20,n,s,海棠杀手
百丈崖,21,n,s,孔翎
石桥,20,w,e,姬梓烟
朱樱林,23,n,s,柳兰儿
石门,24,event_1_15941870,e,布衣男子
巨石广场,25,n,s,阮小
跑马场,26,w,e,阮大
青石板路,26,n,s,布衣男子
聚兵房,28,e,w,史义
古柏林,28,n,s,布衣男子
茅舍,30,w,e,司马墉
演武场,30,n,s,林忠达
三透天,32,n,s,铁面人
云步桥,16,n,s,李三
酌泉亭,34,e,w,仇霸
五大夫松,34,n,s,平光杰
望人松,36,w,e,玉师弟
十八盘,36,n,s,玉师兄
南天门,38,n,s,玉师伯
桃花峪入口,39,w,e,黑衣密探
桃花路,40,n,s,毒蛇
溪涧畔,41,e,w,毒蛇
彩石溪,41,n,s,黄衣刀客
垂钓台,43,w,e,筱墨客
一线天,43,n,s,黑衣密探
桃花源,45,n,s,黄衣刀客
木屋,46,e,w,黑衣密探|铁恶人
天街,39,e,w,任娘子
双鞭客栈,48,s,n,黄老板
石阶,48,e,w,红衣卫士
观景台,50,n,s,红衣卫士
迎旭亭,51,e,w,白飞羽
山门,51,n,s,红衣卫士
望河亭,53,w,e,西门允儿
前院,53,n,s,红衣卫士
禅房,55,e,w,商鹤鸣
玉皇殿,55,n,s,钟逍林
登封台,57,n,s,西门宇
泰山派山门,39,n,s,迟一城
前院,59,n,s,泰山弟子
布衣房,60,w,e,泰山弟子
厢房,60,e,w,建除
东灵殿,60,n,s,天柏
后院,63,n,s,天松
休息室,64,w,e,玉师叔
废弃房屋,64,e,w,黑衣密探
静观山房,64,n,s,泰山掌门
