官道,0,jh 33,home
官道,1,sw,ne
官道,2,sw,ne,摆夷女子[白衣]
南诏德化碑,3,s,n
太和城,4,s,n,士兵[钢刀/黄衣军服]|武将[钢剑/铁甲]
大理城北,5,s,n
洱水桥,6,nw,se
下关城,7,n,s,台夷商贩[乌夷大麾]|乌夷商贩[台夷头巾/台夷短裙]
苍山中部,8,nw,se
剑川镇,9,n,s,猎人[乌夷大麾]|皮货商[布衣]
剑川山口,10,n,s,士兵[钢刀/黄衣军服]|武将[钢剑/铁甲]
川西山路,11,n,s
乌弄城,12,n,s,乌夷商贩[乌夷大麾]
大渡河边,13,n,s
乌蒙村落,13,e,w
乌夷民居,15,n,s,牧羊女[乌夷长裙]
乌夷民居,15,s,n,猎人[乌夷大麾]
村外草坡,15,e,w,牧羊人[乌夷长裙]|牧羊女[乌夷长裙]
苍山山路,9,sw,ne,猎人[乌夷大麾]
河上,19,w,e
河边,20,w,e,乌夷商贩[乌夷大麾]
山林,21,s,n,猎人[乌夷大麾]
葛鲁城,22,s,n,山羊|牧羊人[乌夷长裙]
蜜纳甸,23,e,w,少女[乌夷长裙]
镇雄,23,s,n,牧羊女[乌夷长裙]|乌夷商贩[乌夷大麾]
乌夷民居,25,w,e
祭祀大屋,26,se,nw,乌夷老祭司[乌夷大麾]
梯田,25,e,w,农夫
巴的甸,25,s,n
泸水沿岸,29,s,n
阿头部,30,s,n,猎人
高黎山东坡,31,w,e,山羊
高黎山密林,32,w,e,孟加拉虎
易溪部,31,se,nw,少女
碧罗山下,34,e,w,农夫
乌夷民居,34,s,n,摆夷小孩
点苍山,8,ne,sw
宏圣寺塔,37,e,w
塔基,38,se,nw
宏圣寺塔,39,n,s
宏圣寺塔,40,n,s
宏圣寺塔,41,n,s
路南石林,37,n,s
长湖,43,n,s
李子箐石林,44,w,e
和摩赛石林,44,ne,sw,土匪
大，小芝云洞,44,se,nw
北门,6,s,n,士兵|武将
山路,48,w,e
山路,49,w,e
拈花寺,50,n,s,破疑|破嗔
拈花后院,51,se,nw,段恶人
碧罗雪山,50,w,e
东泸水河谷,53,w,e
山路,50,s,n,神农帮弟子
山路,55,nw,se,无量剑弟子
山路,56,n,s
古道,57,e,w
五华楼大厅,58,se,nw,侍者
楼梯,59,n,s,素衣卫士|高侯爷
走廊,60,n,s
走廊,61,w,e
客房,62,se,nw,陪从
走廊,61,e,w
贵宾室,64,se,nw
走廊,64,e,w
贵宾室,66,se,nw,傣族首领
茶花山,48,e,w
茶花山,68,e,w,,山茶花
茶花山,69,n,s,毒蜂
茶花山,69,s,n,,山茶花
茶花山,69,e,w,,山茶花
茶花山南,72,e,w
大叠水瀑布,73,se,nw
山区小径,74,e,w
金汁河畔,75,e,w,僧人
第一层,76,se,nw
第二层,77,n,s
第三层,78,n,s
第四层,79,n,s
第五层,80,n,s
第六层,81,n,s
第七层,82,n,s
沿池堤岸,76,e,w
滇池,84,n,s,枯大师
大森林,85,n,s
黑森林,86,n,s
沿池堤岸,84,e,w
沿池堤岸,88,e,w,恶奴|贵公子
罗伽甸,89,se,nw,段公子
农田,90,e,w,水牛|农夫
杆栏,91,s,n,山羊
杆栏中层,92,ne,s,摆夷小孩
农田,91,e,w,农夫
山路,94,se,nw
山路,95,e,w
阳宗镇,96,e,w,台夷商贩
桑林,97,s,n,采桑女
农田,97,ne,sw,农夫
大杆栏,99,e,w,山羊|水牛
杆栏中层,100,n,s,老祭司
密林,97,sw,ne,竹叶青蛇
林中山涧,102,s,n,采笋人
半山竹林,103,s,n,砍竹人
步雄部,104,e,w,台夷商贩
农田,105,n,s,农夫|水牛
小杆栏,106,e,w,养蚕女
杆栏中层,107,n,s,纺纱女,纺纱机
养蚕房,105,e,w,养蚕女
星云湖畔,105,s,n
玉霞山,110,e,w,游客
清溪三潭,74,s,n,	「平通镖局」镖头
碧鸡山顶,112,e,w,游客
沿池小路,113,e,w
滇池沿岸,114,e,w,村妇
林荫小道,112,s,n,麻雀
蝴蝶泉,116,w,e
玉虚观前,117,n,s,小道姑
玉虚道观,118,n,s,刀俏尼
黑龙岭,116,s,n
树林外,120,s,n
牌坊,48,s,n
御街,122,w,e,朱护卫|锦衣卫士
宫门,123,n,s
前殿,124,n,s,太监
御花园,125,n,s,丹顶鹤
花廊,126,n,s,宫女
御膳坊,127,w,e,太监
偏殿,127,e,w
正殿,127,n,s
王府路,122,e,w,傅护卫
王府大门,131,n,s,褚护卫|黄衣卫士|锦衣卫士
镇南王府大厅,132,se,nw,家丁
账房,133,w,e,霍先生
国务总理处,133,n,s,,山茶花
司徒堂,135,w,e,华司徒
司马堂,135,e,w,范司马
司空堂,135,n,s,巴司空
石径,133,e,w,丹顶鹤
庭院,139,e,w,段王妃
石人房,140,s,n,石人
长廊,140,n,s,段无畏
花厅,142,n,s,古护卫
厨房,143,w,e,,茶壶|大理雪梨
书房,143,e,w
甬道,143,n,s
甬道,146,ne,sw
内堂,147,n,s,段皇爷
花园后门,147,e,w
花园门,140,e,w
兵器房,150,n,s,,皮鞭|竹剑
下人居室,150,s,n
茶花园,150,e,w,养花女,落第秀才
茶花园,153,ne,sw,,满月|八宝妆|眼儿媚
茶花园,154,se,nw,养花女,抓破美人脸|红妆素裹|倚栏娇
茶花园,153,se,nw,,八仙过海
茶花园,154,n,s,,七仙女
茶花园,157,n,s
茶花园,158,n,s,婉清姑娘,二乔
茶花苑,158,e,w,,十三太保|十八学士|风尘三侠
太和街口,122,s,n
蛇骨塔,161,w,e,摆夷小孩
清池,162,w,e
太和东街,161,e,w
薛记成衣铺,164,n,s,薛老板
石铺,164,e,w,石匠
药铺,164,s,n
中心广场,161,s,n,江湖艺人
太和居,168,e,w,店小二
太和居二楼,169,n,s,歌女
十字路口,168,s,n
大和街,171,w,e
土司府,172,n,s,侍从|大土司
门堂,173,se,nw
后厅,174,n,s
议事厅,174,ne,s,族头人|大土司
兵营,172,s,n,士兵|黄衣卫士
马厩,177,w,e
大和街,171,e,w
摆夷字馆,179,n,s
摆夷民居,179,s,n,南国姑娘|摆夷老叟
南门,171,s,n,士兵|武将
林间小道,182,e,w
双鹤桥,182,s,n
绿玉溪沿岸,184,w,e
黄土路,184,se,nw,野兔
大路,184,s,n
天威径,187,s,n
喜州城,188,s,n,盛皮罗客商
客店,189,e,w,店小二
客店二楼,190,n,s
竹林小路,189,sw,ne
武定镇,192,sw,ne,台夷姑娘
青竹林,193,w,e,采笋人
农田,193,s,n,台夷农妇
竹楼下,193,n,s,水牛
竹楼,196,n,s,摆夷小孩
妃丽湖畔,189,s,n,古灯大师
鲁望镇,198,e,w,台夷商贩
大竹楼,199,n,s
议事堂,200,n,s,族长
祭祀屋,201,n,s,祭司
水田,199,s,n,水牛|台夷农妇
榕树雨林,199,e,w,台夷猎人
妃丽湖东,198,se,nw
龙口城,205,s,n,士兵
河西镇,205,sw,ne,台夷商贩
妃丽湖南岸,207,n,s,渔夫
渔家,207,w,e,台夷妇女
竹林深处,207,s,n,台夷猎人
