安定门,0,jh 5,home,官兵
南门大街,1,n,s
太平桥,2,w,e
草河南街,3,w,e
花店,4,n,s,花店伙计
小东门桥,2,e,w
十里长街3,2,n,s,大黑马
铁匠铺,7,w,e,铁匠
小宝斋,7,e,w,双儿
十里长街2,7,n,s,黑狗子
黄记杂货,10,w,e,黄掌柜
武馆大门,10,event_1_8220256,w,武馆护卫[单刀]
武馆大院,12,n,s,武馆弟子[单刀]
练武场,13,w,e,武馆弟子[单刀]|王教头[单刀]
武馆大厅,13,n,s,方不为[单刀]
竹林石径,15,w,e,武馆护卫[单刀]
习武堂,16,n,s,武馆弟子[单刀]
休息室,17,get_silver,s,神秘客[长剑]
松林石径,15,e,w,武馆护卫[单刀]
长廊,15,n,s,范先生[单刀]
书房,20,e,w,古三通[单刀/银丝衣]
卧室,20,n,s,陈有德[单刀]
十里长街1,10,n,s,游客
彦明钱庄,23,w,e,账房先生|小飞贼
银库,24,yangzhou16_op1,e,飞贼
中央广场,23,n,s,艺人|空空儿
通泗桥,26,w,e,赤练仙子[拂尘/青色道袍/冰魄银针]
通泗街,27,w,e
芍药巷,28,s,n
玉器店,29,s,n,白老板[疾风剑]
衙门大门,28,n,s,衙役
衙门大院,31,n,s,衙役
天井,32,w,e,公孙岚[单刀]
湖石山洞,33,n,s,衙役
露桥,34,n,s,衙役
琴室,35,n,s
签押房,32,e,w,衙役
正堂,32,n,s,程大人[割鹿刀]
内室,38,get_silver,s,楚雄霸
甘泉街,26,e,w
书院回廊,40,n,s
庭院,41,n,s
至止堂,42,n,s,朱先生
西面回廊1,41,w,e
月亮门1,44,n,s
月亮门1,45,e,w
飘雪小径,46,n,s
飞雪堂,47,n,s,书生
月亮门2,46,e,w
东面回廊1,49,s,n
西面回廊2,45,n,s
宝瓶门1,51,n,s
南面回廊3,52,e,w
园林小径,53,n,s
致远斋,54,n,s
宝瓶门2,53,e,w
东面回廊2,56,s,n
月亮门2,57,s,n
十里长街4,26,n,s,马夫人|润玉|流氓[单刀]
武庙,59,w,e,刘步飞
醉仙楼大厅,59,e,w,醉仙楼伙计[长剑]|少林恶僧
楼梯,61,n,s,丰不为
二楼大厅,62,n,s,张总管[长剑]
芙蓉宴厅,63,w,e,计无施[长剑]
芍药宴厅,63,e,w,胡神医[长剑]
牡丹宴厅,63,n,s,胖商人[长剑]
观景台,66,n,s,冼老板[追风棍]
十里长街5,59,n,s,马员外
广陵当铺,68,w,e,唐老板
富春茶社,68,e,w,云九天[布衣]|茶社伙计[单刀]
雅舍,70,get_silver,s,柳文君
十里长街6,68,n,s,毒蛇
虹桥,72,w,e,恶丐[单刀]
草河北街,73,w,e,顽童
魁星阁,74,n,s,书生
阁楼,75,get_silver,s,李丽君[长剑]
北门大街,72,n,s
东关街,77,e,w,小混混[单刀]
门庭,78,s,n
穿廊,79,e,w
梅船轩,80,s,n
湖石山子,81,s,n
疏峰馆,82,s,n
镇淮门,77,n,s,北城门士兵[单刀]
琼花街,77,w,e
月明桥,85,w,e
禅智寺山门,86,n,s,扫地僧
竹西亭,87,w,e,柳碧荷|流氓[单刀]
昆丘台,87,e,w,张三
青石阶梯,87,n,s
月台,90,n,s
芍药圃,91,w,e
蜀井,92,n,s
吕祖照面池,91,e,w,火工僧
三绝碑,94,s,n
大殿,91,n,s
