十二盘,0,jh 8,home
十二盘,1,w,e
十二盘,2,nw,se
十二盘,3,n,s
解剑碑,4,n,s,看山弟子[长剑/布衣]
大广场,5,n,s
报国寺山门,6,n,s
眺望台,7,w,e,白猿
报国寺大殿,7,se,nw
伏虎寺,7,e,w
冷杉林,10,n,s
解脱坡,10,e,w
石牌,12,n,s
玉女峰,13,n,s
峨眉山门,14,e,w,看山弟子[长剑/布衣]|文虚师太[布衣]
山门广场,15,n,s,文寒师太[长剑/布衣]|文玉师太[钢刀/布衣]
十二盘,16,n,s,巡山弟子[长剑/布衣]
神水庵,17,n,s
清音阁,18,n,s
万年庵,19,e,w
尾房,20,e,w,青书少侠[长剑/宝玉鞋]
千佛庵大门,19,w,e,小贩[布衣]|小女孩[布衣]
毗卢殿,22,n,s,静洪师太[钢刀/布衣]
文殊殿,23,n,s,静雨师太[布衣]
千佛庵大殿,24,n,s
西长廊,25,w,e
西长廊,26,w,e
西门,27,w,e
小路,28,w,e
雷动坪,29,sw,ne,小尼姑[布衣]|尼姑[布衣]
风动坡,29,n,s,女孩[布衣]|尼姑[布衣]
西长廊,27,n,s
打坐室,32,w,e,静白师太[布衣]
打坐室,32,e,w,静火师太[钢刀/布衣]
西长廊,32,n,s
打坐室,35,w,e,静玄师太[布衣]
打坐室,35,e,w,静鸿师太[布衣]
西长廊,27,s,n
打坐室,38,w,e,静能师太[长剑/布衣]
打坐室,38,e,w,静法师太[布衣]
西长廊,38,s,n
打坐室,41,w,e,静身师太[钢刀/布衣]
打坐室,41,e,w,静尼师太[长剑/布衣]
北长廊,35,n,s
北侧门,44,w,e
小路,45,w,e
小路,46,w,e
蛇窟入口,47,n,s
阴暗蛇窟,48,n,s
蛇窟尽头,49,n,s
东长廊,25,e,w
东长廊,51,e,w
东门,52,e,w
归云阁,53,e,w,,大乘涅磐经
东长廊,52,n,s
打坐室,55,w,e,文碧师太[布衣]
俗家弟子房,55,e,w,赵灵剑[长剑/布衣]
东长廊,55,n,s
打坐室,58,w,e,文好师太[长剑/布衣]
俗家弟子房,58,e,w,贝锦瑟[钢刀/布衣]
东长廊,52,s,n
打坐室,61,w,e,文海师太[布衣]
俗家弟子房,61,e,w,李明霞[布衣]
东长廊,51,s,n
打坐室,64,w,e,文虹师太[钢刀/布衣]
俗家弟子房,64,e,w,苏寒清[布衣]
北廊,58,n,s
饭堂,67,e,w,,粗磁大碗|馒头|菠菜粉条
峨嵋伙房,68,e,w
接引殿,25,n,s,静无师太[布衣]
后殿,70,n,s,静松师太[长剑/布衣]
神龙阁,71,n,s
北廊,72,w,e
北廊,72,e,w
千佛庵后园,72,n,s
大花园,75,w,e
庵堂寝室,76,w,e
庵堂寝室,76,n,s
庵堂寝室,76,s,n
千佛庵后门,75,n,s
狭窄山路,80,n,s,护法弟子[长剑/布衣]
峨眉后山,81,n,s
峨眉后山,82,n,s,毒蛇
狭窄山道,81,nw,se
云海内,84,nw,se
云海外,85,nw,se
金顶,86,n,s
弯曲小径,84,sw,ne
小径,88,w,e
弯曲小径,89,nw,se
九老洞,90,w,e
狭窄山路,84,ne,sw,护法弟子[长剑/布衣]
狭窄山道,92,ne,sw,护法大弟子[长剑/布衣]
静修后殿,93,n,s,方碧翠[长剑/布衣]|灭绝掌门[长剑/布衣]
狭窄山道,93,se,nw
九王洞,95,e,w,静慈师太[钢刀/布衣]
山溪,92,se,nw
山溪,97,s,n
大瀑布,98,se,nw
